MariaDB [UASSBD]> SELECT     a.id, a.task_name, b.task_status, b.task_comments, d.category_name as 'Category',    DATEDIFF(a.task_duration_end, a.ask_duration_start) as 'Lama Pengerjaan',    c.name as 'Create By', (SELECT name from users where c.id = b.user_verify_id ) as 'Verified By'FROM task_plans aRIGHT RIGHT JOIN task_dailies b ON a.id = b.plan_idINNER JOIN users c ON b.id = c.idRIGHT LEFT JOIN task_categories d ON a.category_id = d.id
    -> ;
ERROR 1054 (42S22): Unknown column 'a.id' in 'field list'
MariaDB [UASSBD]> SELECT     a.id, a.task_name, b.task_status, b.task_comments, d.category_name as 'Category',    DATEDIFF(a.task_duration_end, a.ask_duration_start) as 'Lama Pengerjaan',    c.name as 'Create By', (SELECT name from users where c.id = b.user_verify_id ) as 'Verified By'FROM task_plans aRIGHT RIGHT JOIN task_dailies b ON a.id = b.plan_idINNER JOIN users c ON b.id = c.idRIGHT LEFT JOIN task_categories d ON a.category_id = d.id;
ERROR 1054 (42S22): Unknown column 'a.id' in 'field list'
MariaDB [UASSBD]> SELECT 
    ->     a.id, a.task_name, b.task_status, b.task_comments, d.category_name as 'Category',
    ->     DATEDIFF(a.task_duration_end, a.ask_duration_start) as 'Lama Pengerjaan',
    ->     c.name as 'Create By', (SELECT name from users where c.id = b.user_verify_id ) as 'Verified By'
    -> FROM task_plans a
    -> RIGHT RIGHT JOIN task_dailies b ON a.id = b.plan_id
    -> INNER JOIN users c ON b.id = c.id
    -> MariaDB [UASSBD]> SELECT     a.id, a.task_name, b.task_status, b.task_comments, d.category_name as 'Category',    DATEDIFF(a.task_duration_end, a.ask_duration_start) as 'Lama Pengerjaan',    c.name as 'Create By', (SELECT name from users where c.id = b.user_verify_id ) as 'Verified By'FROM task_plans aRIGHT JOIN task_dailies b ON a.id = b.plan_idINNER JOIN users c ON b.id = c.idLEFT JOIN task_categories d ON a.category_id = d.id;
ERROR 1054 (42S22): Unknown column 'a.id' in 'field list'
MariaDB [UASSBD]> SELECT     a.id, a.task_name, b.task_status, b.task_comments, d.category_name as 'Category',    DATEDIFF(a.task_duration_end, a.ask_duration_start) as 'Lama Pengerjaan',    c.name as 'Create By', (SELECT name from users where c.id = b.user_verify_id ) as 'Verified By'FROM task_plans aRIGHT JOIN task_dailies b ON a.id = b.plan_idINNER JOIN users c ON b.id = c.idLEFT JOIN task_categories d ON a.category_id = d.idSELECT     a.id, a.task_name, b.task_status, b.task_comments, d.category_name as 'Category',    DATEDIFF(a.task_duration_end, a.ask_duration_start) as 'Lama Pengerjaan',    c.name as 'Create By', (SELECT name from users where c.id = b.user_verify_id ) as 'Verified By'FROM task_plans aRIGHT JOIN task_dailies b ON a.id = b.plan_idINNER JOIN users c ON b.id = c.idLEFT JOIN task_categories d ON a.category_id = d.id
    -> SELECT     a.id, a.task_name, b.task_status, b.task_comments, d.category_name as 'Category',    DATEDIFF(a.task_duration_end, a.ask_duration_start) as 'Lama Pengerjaan',    c.name as 'Create By', (SELECT name from users where c.id = b.user_verify_id ) as 'Verified By'FROM task_plans aRIGHT JOIN task_dailies b ON a.id = b.plan_idINNER JOIN users c ON b.id = c.idRIGHT LEFT JOIN task_categories d ON a.category_id = d.id;
ERROR 1064 (42000): You have an error in your SQL syntax; check the manual that corresponds to your MariaDB server version for the right syntax to use near 'a.id, a.task_name, b.task_status, b.task_comments, d.category_name as 'Category'' at line 1
MariaDB [UASSBD]> SELECT  a.id,  a.task_name,  b.task_status,  b.task_comments,  d.category_name as 'Category',  DATEDIFF(a.task_duration_end, a.ask_duration_start) as 'Lama Pengerjaan',  c.name as 'Create By',  (    SELECT      name    from      users    where      users.id = b.user_verify_id  ) as 'Verified By'FROM  task_plans a  RIGHT JOIN task_dailies b ON a.id = b.plan_id  INNER JOIN users c ON b.user_id = c.id  RIGHT JOIN task_categories d ON a.category_id = d.id;
+------+-----------+-------------+---------------+--------------+-----------------+-----------+-------------+
| id   | task_name | task_status | task_comments | Category     | Lama Pengerjaan | Create By | Verified By |
+------+-----------+-------------+---------------+--------------+-----------------+-----------+-------------+
| NULL | NULL      | NULL        | NULL          | Analisis     |            NULL | NULL      | NULL        |
| NULL | NULL      | NULL        | NULL          | Administrasi |            NULL | NULL      | NULL        |
| NULL | NULL      | NULL        | NULL          | Teknikal     |            NULL | NULL      | NULL        |
+------+-----------+-------------+---------------+--------------+-----------------+-----------+-------------+
3 rows in set (0.003 sec)

